../Drivers/CMSIS/Include/core_cm4.h:1939:34:__NVIC_SystemReset	4	static,ignoring_inline_asm
../Core/Src/main.c:120:6:bootLEDIndicator	16	static
../Core/Src/main.c:129:6:substr	24	static
../Core/Src/main.c:134:5:toInteger	32	static
../Core/Src/main.c:145:10:sendCANMessage	48	static
../Core/Src/main.c:170:6:setSinfferCANFilter	48	static
../Core/Src/main.c:188:6:processMessageComand	120	static
../Core/Src/main.c:255:6:processBitRateCommand	32	static
../Core/Src/main.c:303:6:processLoopBackModeCommand	24	static
../Core/Src/main.c:333:6:processActivitySniferComand	24	static
../Core/Src/main.c:350:6:processRebootCommand	8	static
../Core/Src/main.c:354:6:setDatagramTypeIdentifer	24	static
../Core/Src/main.c:373:6:setFormatedDatagramIdentifer	40	static
../Core/Src/main.c:393:6:setDatagramIdentifer	8	static
../Core/Src/main.c:405:6:setDLC	24	static
../Core/Src/main.c:410:6:setData	32	static
../Core/Src/main.c:417:9:serializeDatagram	56	static
../Core/Src/main.c:432:6:HAL_UART_RxCpltCallback	16	static
../Core/Src/main.c:439:7:HAL_CAN_RxFifo0MsgPendingCallback	16	static
../Core/Src/main.c:467:5:main	184	static
../Core/Src/main.c:572:6:SystemClock_Config	88	static
../Core/Src/main.c:616:13:MX_CAN1_Init	8	static
../Core/Src/main.c:653:13:MX_USART1_UART_Init	8	static
../Core/Src/main.c:686:13:MX_GPIO_Init	48	static
../Core/Src/main.c:709:6:rcvCommandThread	56	static
../Core/Src/main.c:744:6:executeCommandThread	72	static
../Core/Src/main.c:783:6:recieivedDatagramsThread	40	static
../Core/Src/main.c:805:6:fordwardDatagramsThread	136	static
../Core/Src/main.c:833:6:idleThread	16	static
../Core/Src/main.c:849:6:StartDefaultTask	16	static
../Core/Src/main.c:868:6:HAL_TIM_PeriodElapsedCallback	16	static
../Core/Src/main.c:885:6:Error_Handler	4	static,ignoring_inline_asm
