../Drivers/CMSIS/Include/core_cm4.h:1939:34:__NVIC_SystemReset	4	static,ignoring_inline_asm
../Core/Src/main.c:113:6:bootLEDIndicator	16	static
../Core/Src/main.c:122:6:substr	24	static
../Core/Src/main.c:127:5:toInteger	32	static
../Core/Src/main.c:138:10:sendCANMessage	48	static
../Core/Src/main.c:163:6:setSinfferCANFilter	48	static
../Core/Src/main.c:181:6:processMessageComand	120	static
../Core/Src/main.c:253:6:processBitRateCommand	32	static
../Core/Src/main.c:303:6:processLoopBackModeCommand	24	static
../Core/Src/main.c:330:6:processRebootCommand	8	static
../Core/Src/main.c:334:6:setDatagramTypeIdentifer	24	static
../Core/Src/main.c:353:6:setFormatedDatagramIdentifer	40	static
../Core/Src/main.c:373:6:setDatagramIdentifer	8	static
../Core/Src/main.c:385:6:setDLC	24	static
../Core/Src/main.c:390:6:setData	32	static
../Core/Src/main.c:397:9:serializeDatagram	56	static
../Core/Src/main.c:412:6:HAL_UART_RxCpltCallback	16	static
../Core/Src/main.c:420:7:HAL_CAN_RxFifo0MsgPendingCallback	16	static
../Core/Src/main.c:445:5:main	160	static
../Core/Src/main.c:547:6:SystemClock_Config	88	static
../Core/Src/main.c:591:13:MX_CAN1_Init	8	static
../Core/Src/main.c:628:13:MX_USART1_UART_Init	8	static
../Core/Src/main.c:661:13:MX_GPIO_Init	48	static
../Core/Src/main.c:684:6:rcvCommandThread	56	static
../Core/Src/main.c:719:6:executeCommandThread	72	static
../Core/Src/main.c:763:6:recieivedDatagramsThread	40	static
../Core/Src/main.c:785:6:fordwardDatagramsThread	136	static
../Core/Src/main.c:813:6:idleThread	16	static
../Core/Src/main.c:829:6:StartDefaultTask	16	static
../Core/Src/main.c:848:6:HAL_TIM_PeriodElapsedCallback	16	static
../Core/Src/main.c:865:6:Error_Handler	4	static,ignoring_inline_asm
