../Core/Src/main.c:109:6:bootLEDIndicator	16	static
../Core/Src/main.c:120:6:setSinfferCANFilter	48	static
../Core/Src/main.c:139:9:serializeDatagram	64	static
../Core/Src/main.c:184:7:HAL_CAN_RxFifo0MsgPendingCallback	16	static
../Core/Src/main.c:201:5:main	128	static
../Core/Src/main.c:299:6:SystemClock_Config	88	static
../Core/Src/main.c:343:13:MX_CAN1_Init	8	static
../Core/Src/main.c:380:13:MX_TIM1_Init	32	static
../Core/Src/main.c:426:13:MX_USART1_UART_Init	8	static
../Core/Src/main.c:459:13:MX_GPIO_Init	48	static
../Core/Src/main.c:482:6:recieivedDatagramsThread	40	static
../Core/Src/main.c:534:6:fordwardDatagramsThread	176	static
../Core/Src/main.c:556:6:idleThread	16	static
../Core/Src/main.c:572:6:StartDefaultTask	16	static
../Core/Src/main.c:591:6:HAL_TIM_PeriodElapsedCallback	16	static
../Core/Src/main.c:608:6:Error_Handler	4	static,ignoring_inline_asm
